## /opt/Trelis-16.1/bin/trelis
## Trelis Version 16.1.1
## Trelis Build 1b15f60
## Revised Tue Aug 23 16:17:41 2016 -0600
## Running 03/16/2026 10:46:07 AM
## Command Options:
reset
undo off
cd "/home/grantblock/Research/Yellowstone/Mesh/uniform_CR/run219_run4"
# ----------------------------------------------------------------------
# Set units to SI
# ----------------------------------------------------------------------
${Units('si')}
# ----------------------------------------------------------------------
# Set  geometry parameters
# ----------------------------------------------------------------------
${source_depth=6.5*km}
#source and CR parameters
${base_CR_x_rad = 13.0*km}
${base_CR_y_rad = 27.5*km}
${base_CR_z_rad = 2.5*km}
${source_x_rad=0.25*base_CR_x_rad}
${source_y_rad=0.25*base_CR_y_rad}
${source_z_rad=0.25*base_CR_z_rad}
# Domain size parameters
${sizeX=200.0*km}
${sizeY=200.0*km}
${sizeZ=100.0*km}
${upperCrustHeight=5*km}
${lowerCrustHeight=45*km}
${lithosphericMantleHeight=50*km}
#${asthenosphereHeight=100*km}
#------------------------------------------------------------------------
# Create ellipsoidal magma chamber
#------------------------------------------------------------------------
create vertex 0 0 0
create vertex 0 -6875 0
create vertex 0 0 -625
create vertex -3250 0 0
curve 1 copy reflect z
curve 2 copy reflect z
create curve vertex 3 7
create surface curve 3 4 6
create surface curve 1 2 6
merge all
body 1 copy reflect x
body 2 copy reflect x
body 1 copy reflect y
body 3 copy reflect y
body 2 copy reflect y
body 4 copy reflect y
create volume surface 1 2 3 4 5 6 7 8 heal
delete vertex 1
delete curve 5
compress all
# Move out of the way
volume 1 move x 0 y 0 z {source_depth}
#----------------------------------------------------------------------------
# Create the domain, a block 
#----------------------------------------------------------------------------
create brick x {sizeX} y {sizeY} z {sizeZ}
volume 2 move x 0 y 0 z {-0.5*sizeZ}
volume 1 move x 0 y 0 z {-2*source_depth}
subtract volume 1 from 2
compress all
reset
undo off
reset
undo off
cd "/home/grantblock/Research/Yellowstone/Mesh/uniform_CR/run219_run4"
# ----------------------------------------------------------------------
# Set units to SI
# ----------------------------------------------------------------------
${Units('si')}
# ----------------------------------------------------------------------
# Set  geometry parameters
# ----------------------------------------------------------------------
${source_depth=6.5*km}
#source and CR parameters
${base_CR_x_rad = 13.0*km}
${base_CR_y_rad = 27.5*km}
${base_CR_z_rad = 2.5*km}
${source_x_rad=0.25*base_CR_x_rad}
${source_y_rad=0.25*base_CR_y_rad}
${source_z_rad=0.25*base_CR_z_rad}
# Domain size parameters
${sizeX=200.0*km}
${sizeY=200.0*km}
${sizeZ=100.0*km}
${upperCrustHeight=5*km}
${lowerCrustHeight=45*km}
${lithosphericMantleHeight=50*km}
#${asthenosphereHeight=100*km}
#------------------------------------------------------------------------
# Create ellipsoidal magma chamber
#------------------------------------------------------------------------
create vertex 0 0 0
create vertex 0 -6875 0
create vertex 0 0 -625
create vertex -3250 0 0
curve 1 copy reflect z
curve 2 copy reflect z
create curve vertex 3 7
create surface curve 3 4 6
create surface curve 1 2 6
merge all
body 1 copy reflect x
body 2 copy reflect x
body 1 copy reflect y
body 3 copy reflect y
body 2 copy reflect y
body 4 copy reflect y
create volume surface 1 2 3 4 5 6 7 8 heal
delete vertex 1
delete curve 5
compress all
# Move out of the way
volume 1 move x 0 y 0 z {source_depth}
#----------------------------------------------------------------------------
# Create the domain, a block 
#----------------------------------------------------------------------------
create brick x {sizeX} y {sizeY} z {sizeZ}
volume 2 move x 0 y 0 z {-0.5*sizeZ}
volume 1 move x 0 y 0 z {-2*source_depth}
subtract volume 1 from 2
compress all
#---------------------------------------------------------------------------
# Set element sizes and mesh the geometry
#---------------------------------------------------------------------------
${maxCellSize=20.0*km}
volume all size {maxCellSize}
volume all scheme tetmesh
mesh surface all
mesh volume all
#Export temp exodus file
set large exodus file off
block 1 volume all
export mesh "temp_mesh.exo" dimension 3 overwrite
# ----------------------------------------------------------------------
# Generate geometry
# ----------------------------------------------------------------------
reset
undo off
cd "/home/grantblock/Research/Yellowstone/Mesh/uniform_CR/run219_run4"
# ----------------------------------------------------------------------
# Set units to SI
# ----------------------------------------------------------------------
${Units('si')}
# ----------------------------------------------------------------------
# Set  geometry parameters
# ----------------------------------------------------------------------
${source_depth=6.5*km}
#source and CR parameters
${base_CR_x_rad = 13.0*km}
${base_CR_y_rad = 27.5*km}
${base_CR_z_rad = 2.5*km}
${source_x_rad=0.25*base_CR_x_rad}
${source_y_rad=0.25*base_CR_y_rad}
${source_z_rad=0.25*base_CR_z_rad}
# Domain size parameters
${sizeX=200.0*km}
${sizeY=200.0*km}
${sizeZ=100.0*km}
${upperCrustHeight=5*km}
${lowerCrustHeight=45*km}
${lithosphericMantleHeight=50*km}
#${asthenosphereHeight=100*km}
#------------------------------------------------------------------------
# Create ellipsoidal magma chamber
#------------------------------------------------------------------------
create vertex 0 0 0
create vertex 0 -6875 0
create vertex 0 0 -625
create vertex -3250 0 0
curve 1 copy reflect z
curve 2 copy reflect z
create curve vertex 3 7
create surface curve 3 4 6
create surface curve 1 2 6
merge all
body 1 copy reflect x
body 2 copy reflect x
body 1 copy reflect y
body 3 copy reflect y
body 2 copy reflect y
body 4 copy reflect y
create volume surface 1 2 3 4 5 6 7 8 heal
delete vertex 1
delete curve 5
compress all
# Move out of the way
volume 1 move x 0 y 0 z {source_depth}
#----------------------------------------------------------------------------
# Create the domain, a block 
#----------------------------------------------------------------------------
create brick x {sizeX} y {sizeY} z {sizeZ}
volume 2 move x 0 y 0 z {-0.5*sizeZ}
volume 1 move x 0 y 0 z {-2*source_depth}
subtract volume 1 from 2
compress all
#define cell sizes
${maxCellSize=20.0*km}
${minCellSize=0.5*km}
${CRCellSize=5.0*km}
# ----------------------------------------------------------------------
# Create tet4 mesh with resolution dictated by 'cell_size_fn'.
# ----------------------------------------------------------------------
volume all scheme tetmesh
import sizing function "temp_mesh.exo" block all variable "cell_size_fn" time 0
surface 1 sizing function type exodus
surface 2 size {maxCellSize}
surface 3 4 5 6 size {maxCellSize}
surface 7 8 9 10 11 12 13 14 size {minCellSize}
# ----------------------------------------------------------------------
# Generate the mesh
# ----------------------------------------------------------------------
mesh surface all
mesh volume all
# ----------------------------------------------------------------------
# Smooth mesh to improve quality
# ----------------------------------------------------------------------
volume all smooth scheme condition number beta 1.8 cpu 10
surface all smooth scheme condition number beta 1.8 cpu 10
smooth volume all
# ----------------------------------------------------------------------------------------------
# Create Boundary Conditions
#----------------------------------------------------------------------------------------------
#Create blocks for materials
block 1 volume 1
block 1 name "upperCrust"
compress all
# Chamber nodesets
group "chamber_top" add node in surface 7 9 11 12
nodeset 1 chamber_top
nodeset 1 name "chamber_top"
group "chamber_bot" add node in surface 8 10 13 14
nodeset 2 chamber_bot
nodeset 2 name "chamber_bot"
# +x face nodeset
group "face_xpos" add node in surface 6
nodeset 3 face_xpos
nodeset 3 name "face_xpos"
# -x face nodeset
group "face_xneg" add node in surface 4
nodeset 4 face_xneg
nodeset 4 name "face_xneg"
# +y face nodeset
group "face_ypos" add node in surface 5
nodeset 5 face_ypos
nodeset 5 name "face_ypos"
# -y face nodeset
group "face_yneg" add node in surface 3
nodeset 6 face_yneg
nodeset 6 name "face_yneg"
# +z face nodeset
group "face_zpos" add node in surface 1
nodeset 7 face_zpos
nodeset 7 name "face_zpos"
# -z face nodeset
group "face_zneg" add node in surface 2
nodeset 8 face_zneg
nodeset 8 name "face_zneg"
export mesh "run219_run4.exo" dimension 3 overwrite
